Script started on Mon 20 Oct 2014 10:02:52 AM PDT
~
lxu003@well $ cd cs100/rshell
~/cs100/rshell
lxu003@well $ bin/rshell
lxu003@well.cs.ucr.edu$ 
lxu003@well.cs.ucr.edu$ #one command no arguments
lxu003@well.cs.ucr.edu$ ls
bin  LICENSE  Makefile	README	src  tests
lxu003@well.cs.ucr.edu$ 
lxu003@well.cs.ucr.edu$ #one command with arguments
lxu003@well.cs.ucr.edu$ echo  test  pass
test pass
lxu003@well.cs.ucr.edu$ 
lxu003@well.cs.ucr.edu$ #comment
lxu003@well.cs.ucr.edu$ ls -l #-a
total 24
drwx------ 2 lxu003 csmajs 4096 Oct 20 10:02 bin
-rw------- 1 lxu003 csmajs 1075 Oct 19 13:46 LICENSE
-rw------- 1 lxu003 csmajs  233 Oct 19 13:46 Makefile
-rw------- 1 lxu003 csmajs  693 Oct 19 13:46 README
drwx------ 2 lxu003 csmajs 4096 Oct 20 08:36 src
drwx------ 2 lxu003 csmajs 4096 Oct 20 10:02 tests
lxu003@well.cs.ucr.edu$ 
lxu003@well.cs.ucr.edu$ #comment syntax
lxu003@well.cs.ucr.edu$ ls -l#-a
ls: invalid option -- #
Try `ls --help' for more information.
lxu003@well.cs.ucr.edu$ 
lxu003@well.cs.ucr.edu$ #connectors
lxu003@well.cs.ucr.edu$ ls; pwd
bin  LICENSE  Makefile	README	src  tests
/home/csmajs/lxu003/cs100/rshell
lxu003@well.cs.ucr.edu$ true &&ls
bin  LICENSE  Makefile	README	src  tests
lxu003@well.cs.ucr.edu$ false && ls
lxu003@well.cs.ucr.edu$ true || ls
lxu003@well.cs.ucr.edu$ false ||ls
bin  LICENSE  Makefile	README	src  tests
lxu003@well.cs.ucr.edu$ true && mkdir x; false && echo fail
lxu003@well.cs.ucr.edu$ true || echo fail; false || mkdir y
lxu003@well.cs.ucr.edu$ ls; rmdir x && rmdir y; ls
bin  LICENSE  Makefile	README	src  tests  x  y
bin  LICENSE  Makefile	README	src  tests
lxu003@well.cs.ucr.edu$ 
lxu003@well.cs.ucr.edu$ #connector syntax
lxu003@well.cs.ucr.edu$ ;ls
syntax error: connector must be preceded by a command
lxu003@well.cs.ucr.edu$ 
lxu003@well.cs.ucr.edu$ #script inside a script
lxu003@well.cs.ucr.edu$ script scriptception
Script started, file is scriptception
~
lxu003@well $ echo echo echo echo ... echo
echo echo echo ... echo
~
lxu003@well $ exit
exit
Script done, file is scriptception
lxu003@well.cs.ucr.edu$ rm scriptception
lxu003@well.cs.ucr.edu$ 
lxu003@well.cs.ucr.edu$ #rshell inside rshell
lxu003@well.cs.ucr.edu$ bin/rshell
lxu003@well.cs.ucr.edu$ echo I'm in rshell in rshell
I'm in rshell in rshell
lxu003@well.cs.ucr.edu$ exit
lxu003@well.cs.ucr.edu$ 
lxu003@well.cs.ucr.edu$ #bugs
lxu003@well.cs.ucr.edu$ #exit must be exactly "exit"
lxu003@well.cs.ucr.edu$ exit;
execvp: No such file or directory
lxu003@well.cs.ucr.edu$  exit
execvp: No such file or directory
lxu003@well.cs.ucr.edu$ 
lxu003@well.cs.ucr.edu$ #quotation marks
lxu003@well.cs.ucr.edu$ echo "  hello      world  "
" hello world "
lxu003@well.cs.ucr.edu$ 
lxu003@well.cs.ucr.edu$ #exit
lxu003@well.cs.ucr.edu$ exit
~/cs100/rshell
lxu003@well $ exit
exit

Script done on Mon 20 Oct 2014 10:04:35 AM PDT
