Script started on Sat 18 Oct 2014 01:06:41 PM PDT
~
lxu003@well $ cd cs100/rshell
~/cs100/rshell
lxu003@well $ bin/rshell
lxu003@well.cs.ucr.edu$ 
lxu003@well.cs.ucr.edu$ #one command no arguments
lxu003@well.cs.ucr.edu$ ls
bin  LICENSE  Makefile	README	src  tests
lxu003@well.cs.ucr.edu$ 
lxu003@well.cs.ucr.edu$ #one command with arguments
lxu003@well.cs.ucr.edu$ echo test pass
test pass
lxu003@well.cs.ucr.edu$ 
lxu003@well.cs.ucr.edu$ #comment
lxu003@well.cs.ucr.edu$ ls -l #-a
total 24
drwx------ 2 lxu003 csmajs 4096 Oct 18 13:03 bin
-rw------- 1 lxu003 csmajs 1075 Oct 17 23:58 LICENSE
-rw------- 1 lxu003 csmajs  233 Oct 17 23:58 Makefile
-rw------- 1 lxu003 csmajs  673 Oct 18 12:58 README
drwx------ 2 lxu003 csmajs 4096 Oct 18 13:03 src
drwx------ 2 lxu003 csmajs 4096 Oct 18 13:06 tests
lxu003@well.cs.ucr.edu$ 
lxu003@well.cs.ucr.edu$ #comment syntax
lxu003@well.cs.ucr.edu$ ls -l#-a
ls: invalid option -- #
Try `ls --help' for more information.
lxu003@well.cs.ucr.edu$ 
lxu003@well.cs.ucr.edu$ #connectors
lxu003@well.cs.ucr.edu$ ls; pwd
bin  LICENSE  Makefile	README	src  tests
/home/csmajs/lxu003/cs100/rshell
lxu003@well.cs.ucr.edu$ true &&ls
bin  LICENSE  Makefile	README	src  tests
lxu003@well.cs.ucr.edu$ false && ls
lxu003@well.cs.ucr.edu$ true || ls
lxu003@well.cs.ucr.edu$ false ||ls
bin  LICENSE  Makefile	README	src  tests
lxu003@well.cs.ucr.edu$ true && mkdir x; false && echo fail
lxu003@well.cs.ucr.edu$ true || echo fail; false || mkdir y
lxu003@well.cs.ucr.edu$ ls; rmdir x && rmdir y; ls
bin  LICENSE  Makefile	README	src  tests  x  y
bin  LICENSE  Makefile	README	src  tests
lxu003@well.cs.ucr.edu$ 
lxu003@well.cs.ucr.edu$ #connector syntax
lxu003@well.cs.ucr.edu$ ;ls
syntax error: connector must be preceded by a command
lxu003@well.cs.ucr.edu$ 
lxu003@well.cs.ucr.edu$ #script inside a script
lxu003@well.cs.ucr.edu$ script scriptception
Script started, file is scriptception
~
lxu003@well $ echo echo echo echo ... echo
echo echo echo ... echo
~
lxu003@well $ exit
exit
Script done, file is scriptception
lxu003@well.cs.ucr.edu$ rm scriptception
lxu003@well.cs.ucr.edu$ 
lxu003@well.cs.ucr.edu$ #rshell inside rshell
lxu003@well.cs.ucr.edu$ bin/rshell
lxu003@well.cs.ucr.edu$ echo I'm in rshell in rshell
I'm in rshell in rshell
lxu003@well.cs.ucr.edu$ exit
lxu003@well.cs.ucr.edu$ 
lxu003@well.cs.ucr.edu$ #bugs
lxu003@well.cs.ucr.edu$ #exit must be first command
lxu003@well.cs.ucr.edu$ ls; exit
bin  LICENSE  Makefile	README	src  tests
execvp: No such file or directory
lxu003@well.cs.ucr.edu$ 
lxu003@well.cs.ucr.edu$ #quotation marks
lxu003@well.cs.ucr.edu$ echo "  hello      world  "
" hello world "
lxu003@well.cs.ucr.edu$ 
lxu003@well.cs.ucr.edu$ #exit
lxu003@well.cs.ucr.edu$ exit
~/cs100/rshell
lxu003@well $ exit
exit

Script done on Sat 18 Oct 2014 01:08:57 PM PDT
