Script started on Mon 03 Nov 2014 06:51:58 PM PST
~
lxu003@hammer $ cd cs100/rshell/
~/cs100/rshell
lxu003@hammer $ make ls
test -d bin || mkdir bin
g++ -Wall -Werror -ansi -pedantic src/ls/ls.cpp src/ls/parse.cpp src/ls/execute.cpp -o bin/ls
mv~/cs100/rshell
lxu003@hammer $ mv tests/ls.sh .
~/cs100/rshell
lxu003@hammer $ ./ls.sh 
#ls no arguments
bin/ls
[34;1mbin[0m/  [0mLICENS[0mE  [32;1mls.sh[0m*  [0mMakefil[0me  [0mREADM[0mE  [34;1msrc[0m/  [34;1mtests[0m/  
----------------
#ls -a hidden files
bin/ls -a
[34;1m.[0m/  [34;1m..[0m/  [34;1mbin[0m/  [34;1m.git[0m/  [0mLICENS[0mE  [32;1mls.sh[0m*  [0mMakefil[0me  [0mREADM[0mE  [34;1msrc[0m/  [34;1mtests[0m/  
----------------
#ls -l long format
bin/ls -l
total 56
drwx------ 2 lxu003 csmajs 4096 Nov  3 18:51 [34;1mbin/[0m
-rw------- 1 lxu003 csmajs 1075 Nov  3 18:21 [0mLICENSE[0m
-rwx------ 1 lxu003 csmajs 1507 Nov  3 18:21 [32;1mls.sh*[0m
-rw------- 1 lxu003 csmajs  595 Nov  3 18:21 [0mMakefile[0m
-rw------- 1 lxu003 csmajs 1046 Nov  3 18:21 [0mREADME[0m
drwx------ 5 lxu003 csmajs 4096 Nov  3 18:21 [34;1msrc/[0m
drwx------ 2 lxu003 csmajs 4096 Nov  3 18:51 [34;1mtests/[0m
----------------
#ls -R recursive
bin/ls -R

.: 
[34;1mbin[0m/  [0mLICENS[0mE  [32;1mls.sh[0m*  [0mMakefil[0me  [0mREADM[0mE  [34;1msrc[0m/  [34;1mtests[0m/  

./bin: 
[32;1mls[0m* 

./src: 
[34;1mcp[0m/  [34;1mls[0m/  [34;1mrshell[0m/  

./src/cp: 
[0mcp.cpp[0m  [0mTimer.h[0m  

./src/ls: 
[0mexecute.cpp[0m  [0mexecute.h[0m  [0mls.cpp[0m  [0mparse.cpp[0m  [0mparse.h[0m  

./src/rshell: 
[0mexecute.cpp[0m  [0mexecute.h[0m  [0mparse.cpp[0m  [0mparse.h[0m  [0mrshell.cpp[0m  

./tests: 
[0mls.script[0m  [0mrshell[0m  [0mrshell.script[0m  
----------------
#combinations
bin/ls -a -l
total 80
drwx------ 6 lxu003 csmajs 4096 Nov  3 18:51 [34;1m./[0m
drwx------ 5 lxu003 csmajs 4096 Nov  3 18:21 [34;1m../[0m
drwx------ 2 lxu003 csmajs 4096 Nov  3 18:51 [34;1mbin/[0m
drwx------ 8 lxu003 csmajs 4096 Nov  3 18:47 [34;1m.git/[0m
-rw------- 1 lxu003 csmajs 1075 Nov  3 18:21 [0mLICENSE[0m
-rwx------ 1 lxu003 csmajs 1507 Nov  3 18:21 [32;1mls.sh*[0m
-rw------- 1 lxu003 csmajs  595 Nov  3 18:21 [0mMakefile[0m
-rw------- 1 lxu003 csmajs 1046 Nov  3 18:21 [0mREADME[0m
drwx------ 5 lxu003 csmajs 4096 Nov  3 18:21 [34;1msrc/[0m
drwx------ 2 lxu003 csmajs 4096 Nov  3 18:51 [34;1mtests/[0m
----------------
bin/ls -a -R

.: 
[34;1m.[0m/  [34;1m..[0m/  [34;1mbin[0m/  [34;1m.git[0m/  [0mLICENS[0mE  [32;1mls.sh[0m*  [0mMakefil[0me  [0mREADM[0mE  [34;1msrc[0m/  [34;1mtests[0m/  

./bin: 
[34;1m.[0m/  [34;1m..[0m/  [32;1mls[0m*  

./.git: 
[34;1m.[0m/   [34;1mbranches[0m/  [0mdescriptio[0mn  [0mHEA[0mD    [0minde[0mx  [34;1mlogs[0m/     [0mORIG_HEA[0mD    [34;1mrefs[0m/  
[34;1m..[0m/  [0mconfi[0mg     [0mFETCH_HEA[0mD   [34;1mhooks[0m/  [34;1minfo[0m/  [34;1mobjects[0m/  [0mpacked-ref[0ms  

./.git/branches: 
[34;1m.[0m/  [34;1m..[0m/  

./.git/hooks: 
[34;1m.[0m/                      [32;1mpost-update.sample[0m*         [0mpre-push.sampl[0me     
[34;1m..[0m/                     [32;1mpre-applypatch.sample[0m*      [32;1mpre-rebase.sample[0m*  
[32;1mapplypatch-msg.sample[0m*  [32;1mpre-commit.sample[0m*          [32;1mupdate.sample[0m*      
[32;1mcommit-msg.sample[0m*      [32;1mprepare-commit-msg.sample[0m*  

./.git/info: 
[34;1m.[0m/  [34;1m..[0m/  [0mexclud[0me  

./.git/logs: 
[34;1m.[0m/  [34;1m..[0m/  [0mHEA[0mD  [34;1mrefs[0m/  

./.git/logs/refs: 
[34;1m.[0m/  [34;1m..[0m/  [34;1mheads[0m/  [34;1mremotes[0m/  

./.git/logs/refs/heads: 
[34;1m.[0m/  [34;1m..[0m/  [0mmaste[0mr  

./.git/logs/refs/remotes: 
[34;1m.[0m/  [34;1m..[0m/  [34;1morigin[0m/  

./.git/logs/refs/remotes/origin: 
[34;1m.[0m/  [34;1m..[0m/  [0mHEA[0mD  [0mmaste[0mr  

./.git/objects: 
[34;1m.[0m/  [34;1m..[0m/  [34;1m09[0m/  [34;1m2f[0m/  [34;1m31[0m/  [34;1m39[0m/  [34;1m61[0m/  [34;1m69[0m/  [34;1m70[0m/  [34;1m90[0m/  [34;1mc5[0m/  [34;1mca[0m/  [34;1minfo[0m/  [34;1mpack[0m/  

./.git/objects/09: 
[34;1m.[0m/  [34;1m..[0m/  [0mb8779621e8834e75d7ae974a1ecd8d7cd04e0[0m5  

./.git/objects/2f: 
[34;1m.[0m/  [34;1m..[0m/  [0mfe66a1f7cabcf356ce7ae7a9bd84919ecebb0[0m5  

./.git/objects/31: 
[34;1m.[0m/  [34;1m..[0m/  [0m238371b0a2ad906d52edba1f4d81b70e1a1ff[0m3  

./.git/objects/39: 
[34;1m.[0m/  [34;1m..[0m/  [0m0d70dad9625fee31c4c29e109f0d8fd7710be[0m7  

./.git/objects/61: 
[34;1m.[0m/  [34;1m..[0m/  [0m97ec2fcb9d4cfe03ad27a347ffefa8fbc7412[0m7  

./.git/objects/69: 
[34;1m.[0m/  [34;1m..[0m/  [0m5b6899025fa326083fa84eaf3f34d2ab79fa2[0ma  

./.git/objects/70: 
[34;1m.[0m/  [34;1m..[0m/  [0me7d71b10d32f8c95f46890410007a06811de6[0md  

./.git/objects/90: 
[34;1m.[0m/  [34;1m..[0m/  [0ma67e442ea9704637eb831c6bdbce7d148bb84[0m4  

./.git/objects/c5: 
[34;1m.[0m/  [34;1m..[0m/  [0m2b495d8a43babaef58d64a728fec531fdb276[0m2  

./.git/objects/ca: 
[34;1m.[0m/  [34;1m..[0m/  [0m75950aba374f5e1a6a149b71497726fd81d90[0mc  

./.git/objects/info: 
[34;1m.[0m/  [34;1m..[0m/  

./.git/objects/pack: 
[34;1m.[0m/   [0mpack-0940dd00a19a202703a41a42c99e646610bc310e.id[0mx   
[34;1m..[0m/  [0mpack-0940dd00a19a202703a41a42c99e646610bc310e.pac[0mk  

./.git/refs: 
[34;1m.[0m/  [34;1m..[0m/  [34;1mheads[0m/  [34;1mremotes[0m/  [34;1mtags[0m/  

./.git/refs/heads: 
[34;1m.[0m/  [34;1m..[0m/  [0mmaste[0mr  

./.git/refs/remotes: 
[34;1m.[0m/  [34;1m..[0m/  [34;1morigin[0m/  

./.git/refs/remotes/origin: 
[34;1m.[0m/  [34;1m..[0m/  [0mHEA[0mD  [0mmaste[0mr  

./.git/refs/tags: 
[34;1m.[0m/  [34;1m..[0m/  

./src: 
[34;1m.[0m/  [34;1m..[0m/  [34;1mcp[0m/  [34;1mls[0m/  [34;1mrshell[0m/  

./src/cp: 
[34;1m.[0m/  [34;1m..[0m/  [0mcp.cp[0mp  [0mTimer.[0mh  

./src/ls: 
[34;1m.[0m/  [34;1m..[0m/  [0mexecute.cp[0mp  [0mexecute.[0mh  [0mls.cp[0mp  [0mparse.cp[0mp  [0mparse.[0mh  

./src/rshell: 
[34;1m.[0m/  [34;1m..[0m/  [0mexecute.cp[0mp  [0mexecute.[0mh  [0mparse.cp[0mp  [0mparse.[0mh  [0mrshell.cp[0mp  

./tests: 
[34;1m.[0m/  [34;1m..[0m/  [0mls.scrip[0mt  [0mrshel[0ml  [0mrshell.scrip[0mt  
----------------
bin/ls -l -R

.: 
total 56
drwx------ 2 lxu003 csmajs 4096 Nov  3 18:51 [34;1mbin/[0m
-rw------- 1 lxu003 csmajs 1075 Nov  3 18:21 [0mLICENSE[0m
-rwx------ 1 lxu003 csmajs 1507 Nov  3 18:21 [32;1mls.sh*[0m
-rw------- 1 lxu003 csmajs  595 Nov  3 18:21 [0mMakefile[0m
-rw------- 1 lxu003 csmajs 1046 Nov  3 18:21 [0mREADME[0m
drwx------ 5 lxu003 csmajs 4096 Nov  3 18:21 [34;1msrc/[0m
drwx------ 2 lxu003 csmajs 4096 Nov  3 18:51 [34;1mtests/[0m

./bin: 
total 192
-rwx------ 1 lxu003 csmajs 93105 Nov  3 18:51 [32;1mls*[0m

./src: 
total 24
drwx------ 2 lxu003 csmajs 4096 Nov  3 18:21 [34;1mcp/[0m
drwx------ 2 lxu003 csmajs 4096 Nov  3 18:47 [34;1mls/[0m
drwx------ 2 lxu003 csmajs 4096 Nov  3 18:21 [34;1mrshell/[0m

./src/cp: 
total 16
-rw------- 1 lxu003 csmajs 3141 Nov  3 18:21 [0mcp.cpp[0m
-rw------- 1 lxu003 csmajs 2463 Nov  3 18:21 [0mTimer.h[0m

./src/ls: 
total 48
-rw------- 1 lxu003 csmajs 7822 Nov  3 18:47 [0mexecute.cpp[0m
-rw------- 1 lxu003 csmajs  389 Nov  3 18:21 [0mexecute.h[0m
-rw------- 1 lxu003 csmajs  311 Nov  3 18:21 [0mls.cpp[0m
-rw------- 1 lxu003 csmajs 1337 Nov  3 18:21 [0mparse.cpp[0m
-rw------- 1 lxu003 csmajs  445 Nov  3 18:21 [0mparse.h[0m

./src/rshell: 
total 40
-rw------- 1 lxu003 csmajs 2050 Nov  3 18:21 [0mexecute.cpp[0m
-rw------- 1 lxu003 csmajs  520 Nov  3 18:21 [0mexecute.h[0m
-rw------- 1 lxu003 csmajs 3296 Nov  3 18:21 [0mparse.cpp[0m
-rw------- 1 lxu003 csmajs 1048 Nov  3 18:21 [0mparse.h[0m
-rw------- 1 lxu003 csmajs  843 Nov  3 18:21 [0mrshell.cpp[0m

./tests: 
total 24
-rw------- 1 lxu003 csmajs    0 Nov  3 18:51 [0mls.script[0m
-rw------- 1 lxu003 csmajs 2068 Nov  3 18:21 [0mrshell[0m
-rw------- 1 lxu003 csmajs 5935 Nov  3 18:21 [0mrshell.script[0m
----------------
#various input formats
bin/ls -al
total 80
drwx------ 6 lxu003 csmajs 4096 Nov  3 18:51 [34;1m./[0m
drwx------ 5 lxu003 csmajs 4096 Nov  3 18:21 [34;1m../[0m
drwx------ 2 lxu003 csmajs 4096 Nov  3 18:51 [34;1mbin/[0m
drwx------ 8 lxu003 csmajs 4096 Nov  3 18:47 [34;1m.git/[0m
-rw------- 1 lxu003 csmajs 1075 Nov  3 18:21 [0mLICENSE[0m
-rwx------ 1 lxu003 csmajs 1507 Nov  3 18:21 [32;1mls.sh*[0m
-rw------- 1 lxu003 csmajs  595 Nov  3 18:21 [0mMakefile[0m
-rw------- 1 lxu003 csmajs 1046 Nov  3 18:21 [0mREADME[0m
drwx------ 5 lxu003 csmajs 4096 Nov  3 18:21 [34;1msrc/[0m
drwx------ 2 lxu003 csmajs 4096 Nov  3 18:51 [34;1mtests/[0m
----------------
bin/ls -la
total 80
drwx------ 6 lxu003 csmajs 4096 Nov  3 18:51 [34;1m./[0m
drwx------ 5 lxu003 csmajs 4096 Nov  3 18:21 [34;1m../[0m
drwx------ 2 lxu003 csmajs 4096 Nov  3 18:51 [34;1mbin/[0m
drwx------ 8 lxu003 csmajs 4096 Nov  3 18:47 [34;1m.git/[0m
-rw------- 1 lxu003 csmajs 1075 Nov  3 18:21 [0mLICENSE[0m
-rwx------ 1 lxu003 csmajs 1507 Nov  3 18:21 [32;1mls.sh*[0m
-rw------- 1 lxu003 csmajs  595 Nov  3 18:21 [0mMakefile[0m
-rw------- 1 lxu003 csmajs 1046 Nov  3 18:21 [0mREADME[0m
drwx------ 5 lxu003 csmajs 4096 Nov  3 18:21 [34;1msrc/[0m
drwx------ 2 lxu003 csmajs 4096 Nov  3 18:51 [34;1mtests/[0m
----------------
bin/ls -l -a
total 80
drwx------ 6 lxu003 csmajs 4096 Nov  3 18:51 [34;1m./[0m
drwx------ 5 lxu003 csmajs 4096 Nov  3 18:21 [34;1m../[0m
drwx------ 2 lxu003 csmajs 4096 Nov  3 18:51 [34;1mbin/[0m
drwx------ 8 lxu003 csmajs 4096 Nov  3 18:47 [34;1m.git/[0m
-rw------- 1 lxu003 csmajs 1075 Nov  3 18:21 [0mLICENSE[0m
-rwx------ 1 lxu003 csmajs 1507 Nov  3 18:21 [32;1mls.sh*[0m
-rw------- 1 lxu003 csmajs  595 Nov  3 18:21 [0mMakefile[0m
-rw------- 1 lxu003 csmajs 1046 Nov  3 18:21 [0mREADME[0m
drwx------ 5 lxu003 csmajs 4096 Nov  3 18:21 [34;1msrc/[0m
drwx------ 2 lxu003 csmajs 4096 Nov  3 18:51 [34;1mtests/[0m
----------------
#file arguments
bin/ls Makefile README LICENSE ls.sh
[0mLICENSE[0m  [32;1mls.sh*[0m  [0mMakefile[0m  [0mREADME[0m  
----------------
#directory arguments
bin/ls bin src tests

bin: 
[32;1mls[0m* 

src: 
[34;1mcp[0m/  [34;1mls[0m/  [34;1mrshell[0m/  

tests: 
[0mls.script[0m  [0mrshell[0m  [0mrshell.script[0m  
----------------
#file and directory arguments
bin/ls Makefile bin README src tests LICENSE ls.sh
[0mLICENSE[0m  [32;1mls.sh*[0m  [0mMakefile[0m  [0mREADME[0m  

bin: 
[32;1mls[0m* 

src: 
[34;1mcp[0m/  [34;1mls[0m/  [34;1mrshell[0m/  

tests: 
[0mls.script[0m  [0mrshell[0m  [0mrshell.script[0m  
----------------
#nonexistent file
bin/ls foo
ls: foo: No such file or directory
----------------
#nonexistent and existent file together
bin/ls foo src
ls: foo: No such file or directory
[34;1mcp[0m/  [34;1mls[0m/  [34;1mrshell[0m/  
----------------
#illegal argument
ls -0
ls: illegal option: -- 0
----------------
#illegal argument and file
ls -0 README
ls: illegal option: -- 0
----------------
#ordering matters
ls README -0
ls: illegal option: -- 0
----------------
~/cs100/rshell
lxu003@hammer $ mv ls.sh tests/
~/cs100/rshell
lxu003@hammer $ make clean
rm -rf bin
~/cs100/rshell
lxu003@hammer $ exit
exit

Script done on Mon 03 Nov 2014 06:52:21 PM PST
